ARM Linker, 4.1 [Build 561] [Evaluation]

==============================================================================

Section Cross References

    template.o(RESET) refers to template.o(STACK) for __initial_sp
    template.o(RESET) refers to template.o(.text) for Reset_Handler


==============================================================================

Removing Unused input sections from the image.

    Removing template.o(HEAP), (512 bytes).
    Removing template.o(READWRITE), (100 bytes).

2 unused section(s) (total 612 bytes) removed from the image.

==============================================================================

Image Symbol Table

    Local Symbols

    Symbol Name                              Value     Ov Type        Size  Object(Section)

    RESET                                    0x00000000   Section      204  template.o(RESET)
    template.s                               0x00000000   Number         0  template.o ABSOLUTE
    .text                                    0x000000cc   Section      396  template.o(.text)
    Price_list                               0x00000148   Data          32  template.o(.text)
    Item_list                                0x00000228   Data          16  template.o(.text)
    .ARM.__at_0x02FC                         0x000002fc   Section        4  template.o(.ARM.__at_0x02FC)
    STACK                                    0x10000000   Section      512  template.o(STACK)

    Global Symbols

    Symbol Name                              Value     Ov Type        Size  Object(Section)

    BuildAttributes$$THM_ISAv4$P$D$K$B$S$PE$A:L22UL41UL21$X:L11$S22US41US21$IEEE1$IW$USESV6$~STKCKD$USESV7$~SHL$OSPACE$EBA8$STANDARDLIB$PRES8$EABIv2 0x00000000   Number         0  anon$$obj.o ABSOLUTE
    __Vectors                                0x00000000   Data           4  template.o(RESET)
    Reset_Handler                            0x000000cd   Thumb Code   364  template.o(.text)
    NMI_Handler                              0x00000239   Thumb Code     2  template.o(.text)
    HardFault_Handler                        0x0000023b   Thumb Code     2  template.o(.text)
    MemManage_Handler                        0x0000023d   Thumb Code     2  template.o(.text)
    BusFault_Handler                         0x0000023f   Thumb Code     2  template.o(.text)
    UsageFault_Handler                       0x00000241   Thumb Code     2  template.o(.text)
    SVC_Handler                              0x00000243   Thumb Code     2  template.o(.text)
    DebugMon_Handler                         0x00000245   Thumb Code     2  template.o(.text)
    PendSV_Handler                           0x00000247   Thumb Code     2  template.o(.text)
    SysTick_Handler                          0x00000249   Thumb Code     2  template.o(.text)
    ADC_IRQHandler                           0x0000024b   Thumb Code     0  template.o(.text)
    BOD_IRQHandler                           0x0000024b   Thumb Code     0  template.o(.text)
    CANActivity_IRQHandler                   0x0000024b   Thumb Code     0  template.o(.text)
    CAN_IRQHandler                           0x0000024b   Thumb Code     0  template.o(.text)
    DMA_IRQHandler                           0x0000024b   Thumb Code     0  template.o(.text)
    EINT0_IRQHandler                         0x0000024b   Thumb Code     0  template.o(.text)
    EINT1_IRQHandler                         0x0000024b   Thumb Code     0  template.o(.text)
    EINT2_IRQHandler                         0x0000024b   Thumb Code     0  template.o(.text)
    EINT3_IRQHandler                         0x0000024b   Thumb Code     0  template.o(.text)
    ENET_IRQHandler                          0x0000024b   Thumb Code     0  template.o(.text)
    I2C0_IRQHandler                          0x0000024b   Thumb Code     0  template.o(.text)
    I2C1_IRQHandler                          0x0000024b   Thumb Code     0  template.o(.text)
    I2C2_IRQHandler                          0x0000024b   Thumb Code     0  template.o(.text)
    I2S_IRQHandler                           0x0000024b   Thumb Code     0  template.o(.text)
    MCPWM_IRQHandler                         0x0000024b   Thumb Code     0  template.o(.text)
    PLL0_IRQHandler                          0x0000024b   Thumb Code     0  template.o(.text)
    PLL1_IRQHandler                          0x0000024b   Thumb Code     0  template.o(.text)
    PWM1_IRQHandler                          0x0000024b   Thumb Code     0  template.o(.text)
    QEI_IRQHandler                           0x0000024b   Thumb Code     0  template.o(.text)
    RIT_IRQHandler                           0x0000024b   Thumb Code     0  template.o(.text)
    RTC_IRQHandler                           0x0000024b   Thumb Code     0  template.o(.text)
    SPI_IRQHandler                           0x0000024b   Thumb Code     0  template.o(.text)
    SSP0_IRQHandler                          0x0000024b   Thumb Code     0  template.o(.text)
    SSP1_IRQHandler                          0x0000024b   Thumb Code     0  template.o(.text)
    TIMER0_IRQHandler                        0x0000024b   Thumb Code     0  template.o(.text)
    TIMER1_IRQHandler                        0x0000024b   Thumb Code     0  template.o(.text)
    TIMER2_IRQHandler                        0x0000024b   Thumb Code     0  template.o(.text)
    TIMER3_IRQHandler                        0x0000024b   Thumb Code     0  template.o(.text)
    UART0_IRQHandler                         0x0000024b   Thumb Code     0  template.o(.text)
    UART1_IRQHandler                         0x0000024b   Thumb Code     0  template.o(.text)
    UART2_IRQHandler                         0x0000024b   Thumb Code     0  template.o(.text)
    UART3_IRQHandler                         0x0000024b   Thumb Code     0  template.o(.text)
    USBActivity_IRQHandler                   0x0000024b   Thumb Code     0  template.o(.text)
    USB_IRQHandler                           0x0000024b   Thumb Code     0  template.o(.text)
    WDT_IRQHandler                           0x0000024b   Thumb Code     0  template.o(.text)
    __initial_sp                             0x10000200   Data           0  template.o(STACK)



==============================================================================

Memory Map of the image

  Image Entry point : 0x000000cd

  Load Region LR_1 (Base: 0x00000000, Size: 0x00000300, Max: 0xffffffff, ABSOLUTE)

    Execution Region ER_RO (Base: 0x00000000, Size: 0x00000300, Max: 0xffffffff, ABSOLUTE)

    Base Addr    Size         Type   Attr      Idx    E Section Name        Object

    0x00000000   0x000000cc   Data   RO            3    RESET               template.o
    0x000000cc   0x0000018c   Code   RO            6  * .text               template.o
    0x00000258   0x000000a4   PAD
    0x000002fc   0x00000004   Code   RO            4    .ARM.__at_0x02FC    template.o


    Execution Region ER_RW (Base: 0x10000000, Size: 0x00000000, Max: 0xffffffff, ABSOLUTE)

    **** No section assigned to this execution region ****


    Execution Region ER_ZI (Base: 0x10000000, Size: 0x00000200, Max: 0xffffffff, ABSOLUTE)

    Base Addr    Size         Type   Attr      Idx    E Section Name        Object

    0x10000000   0x00000200   Zero   RW            1    STACK               template.o


==============================================================================

Image component sizes


      Code (inc. data)   RO Data    RW Data    ZI Data      Debug   Object Name

       400        258        204          0        512        908   template.o

    ----------------------------------------------------------------------
       564        422        204          0        512        908   Object Totals
         0          0          0          0          0          0   (incl. Generated)
       164        164          0          0          0          0   (incl. Padding)

    ----------------------------------------------------------------------
         0          0          0          0          0          0   Library Totals
         0          0          0          0          0          0   (incl. Padding)

    ----------------------------------------------------------------------

==============================================================================


      Code (inc. data)   RO Data    RW Data    ZI Data      Debug   

       564        422        204          0        512        908   Grand Totals
       564        422        204          0        512        908   ELF Image Totals
       564        422        204          0          0          0   ROM Totals

==============================================================================

    Total RO  Size (Code + RO Data)                  768 (   0.75kB)
    Total RW  Size (RW Data + ZI Data)               512 (   0.50kB)
    Total ROM Size (Code + RO Data + RW Data)        768 (   0.75kB)

==============================================================================

